Watching for changes in E:/blog/ACM-Lycoris.github.io/archetypes, E:/blog/ACM-Lycoris.github.io/assets/{css,images}, E:/blog/ACM-Lycoris.github.io/content/posts, E:/blog/ACM-Lycoris.github.io/data, E:/blog/ACM-Lycoris.github.io/layouts/{archives,partials}, E:/blog/ACM-Lycoris.github.io/static/{admin,avatar,css,images,js,...}, E:/blog/ACM-Lycoris.github.io/themes/hugo-theme-reimu/archetypes, E:/blog/ACM-Lycoris.github.io/themes/hugo-theme-reimu/assets/{css,js}, E:/blog/ACM-Lycoris.github.io/themes/hugo-theme-reimu/data, E:/blog/ACM-Lycoris.github.io/themes/hugo-theme-reimu/i18n, ... and 3 more
Watching for config changes in E:\blog\ACM-Lycoris.github.io\hugo.toml, E:\blog\ACM-Lycoris.github.io\config\_default, E:\blog\ACM-Lycoris.github.io\themes\hugo-theme-reimu\config.toml, E:\blog\ACM-Lycoris.github.io\themes\hugo-theme-reimu\config\_default
Start building sites … 
hugo v0.162.1-bba860e3eda3091efe8c6d1a96bc49a29ad2d5f6+extended windows/amd64 BuildDate=2026-05-28T17:40:44Z VendorInfo=gohugoio

WARN  found no layout file for "html" for kind "section": You should create a template file which matches Hugo Layouts Lookup Rules for this combination.
WARN  deprecated: .Language.LanguageCode was deprecated in Hugo v0.158.0 and will be removed in a future release. Use .Language.Locale instead.
WARN  deprecated: .Site.Languages was deprecated in Hugo v0.156.0 and will be removed in a future release. See https://discourse.gohugo.io/t/56732.
WARN  deprecated: .Site.Data was deprecated in Hugo v0.156.0 and will be removed in a future release. Use hugo.Data instead.
WARN  The []interface {} data from 'covers.yml' overridden by higher precedence []interface {} data already in the data tree
WARN  The []interface {} data from 'friends.yml' overridden by higher precedence []interface {} data already in the data tree

                  │ EN  
──────────────────┼─────
 Pages            │ 131 
 Paginator pages  │   0 
 Non-page files   │   0 
 Static files     │ 220 
 Processed images │  12 
 Aliases          │  53 
 Cleaned          │   0 

Built in 442 ms
Environment: "development"
Serving pages from disk
Running in Fast Render Mode. For full rebuilds on change: hugo server --disableFastRender
Web Server is available at http://localhost:1313/ (bind address 127.0.0.1) 
Press Ctrl+C to stop
